[motions.graphics/index.html]
[www.google-analytics.com/analytics.js]
[motions.graphics/xmlrpc.php]
[motions.graphics/wp-content/uploads/2017/07/favicon.png]
[backblue.gif]
[fade.gif]
[index.html]
[connect.facebook.net/en_US/fbevents.js]
[motions.graphics/wp-content/uploads/2014/11/octubre-nov.jpg]
[motions.graphics/wp-content/cache/min/1/8dddbcd9822d62aa587c1451be17f53d.css]
[motions.graphics/wp-content/plugins/wp-rocket/inc/front/img/youtube.png]
[motions.graphics/feed/index.html]
[motions.graphics/comments/feed/index.html]
[motions.graphics/wp-content/cache/busting/1/wp-includes/js/jquery/jquery-migrate.min-1.4.1.js]
[motions.graphics/home/feed/index.html]
[motions.graphics/wp-content/cache/busting/1/wp-includes/js/jquery/jquery-1.12.4.js]
[motions.graphics/wp-content/themes/lotek/lotek/fonts/fontawesome-webfont3295.eot]
[motions.graphics/xmlrpc0db0.php]
[motions.graphics/wp-content/cache/busting/1/wp-content/plugins/revslider/public/assets/js/jquery.themepunch.tools.min-5.4.6.6.js]
[motions.graphics/wp-json/oembed/1.0/embed3952.json]
[motions.graphics/wp-json/oembed/1.0/embed1e2e]
[widget-v4.tidiochat.com/1_6_1/static/js/render.ef8cc0f8c5642fa214f5.js]
[motions.graphics/wp-content/uploads/2017/07/logo_menusmall.png]
[motions.graphics/cotizador.html]
[motions.graphics/3d/index.html]
[motions.graphics/wp-content/uploads/revslider/Parallax/MetaBall11.png]
[motions.graphics/wp-content/uploads/revslider/Parallax/Balloon.png]
[motions.graphics/wp-content/uploads/revslider/Parallax/Primitive.png]
[motions.graphics/wp-content/uploads/revslider/Parallax/Tree1.png]
[motions.graphics/wp-content/uploads/revslider/Parallax/MetaBall.png]
[motions.graphics/wp-content/uploads/revslider/Parallax/Lighting.png]
[motions.graphics/wp-content/uploads/revslider/Parallax/MetaBall1.png]
[motions.graphics/wp-content/uploads/revslider/Parallax/Clock.png]
[motions.graphics/wp-content/uploads/revslider/Parallax/Pencils.png]
[motions.graphics/wp-content/uploads/revslider/Parallax/60-min1.png]
[motions.graphics/wp-content/uploads/revslider/Parallax/Penholder1.png]
[motions.graphics/wp-content/uploads/revslider/Parallax/object.png]
[motions.graphics/wp-content/uploads/revslider/Parallax/logobigwhiteslider.png]
[motions.graphics/wp-content/uploads/2018/09/MotelNow.00_00_08_02.Still005-500x500.jpg]
[motions.graphics/wp-content/uploads/2017/10/ccu_thumb.jpg]
[motions.graphics/wp-content/uploads/2017/07/2-fundacion-vivienda-500x500.jpg]
[motions.graphics/wp-content/uploads/2017/07/4-stgo-innova-1-500x500.jpg]
[motions.graphics/wp-content/uploads/2017/07/5-lip-500x500.jpg]
[motions.graphics/wp-content/uploads/2018/09/MotelNow.00_01_37_23.Still006-500x500.jpg]
[motions.graphics/wp-content/cache/min/1/wp-content/plugins/contact-form-7/includes/js/scripts-bd5a17a464b1afad103480cebfb70b66.js]
[js.hs-scripts.com/3483819e507.js]
[motions.graphics/wp-content/cache/min/1/wp-content/themes/lotek/lotek/js/custom-0fc2eb5369e507b4b06c4c2836fb3bb4.js]
[motions.graphics/wp-content/cache/busting/1/wp-includes/js/jquery/ui/core.min-1.11.4.js]
[motions.graphics/wp-content/cache/busting/1/wp-content/plugins/js_composer/assets/js/dist/js_composer_front.min-4.11.2.1.js]
[motions.graphics/wp-content/cache/busting/1/wp-includes/js/jquery/ui/position.min-1.11.4.js]
[motions.graphics/wp-content/cache/busting/1/wp-content/plugins/facebook-conversion-pixel/pixel-cat.min-2.4.0.js]
[motions.graphics/wp-content/cache/min/1/wp-content/themes/lotek/lotek/js/plugins-b3e8e2a69f5100c3e240acdcb20a1c18.js]
[motions.graphics/wp-content/cache/min/1/wp-content/uploads/pum/pum-site-scripts-b93571dbe1f06a760566d1fa2db1c4bc.js]
[motions.graphics/wp-includes/js/wp-embed.min.js]
[motions.graphics/wp-content/cache/busting/1/wp-content/plugins/revslider-particles-addon/public/assets/js/revolution.addon.particles.min-1.0.6.js]
[motions.graphics/wp-content/cache/busting/1/wp-content/plugins/js_composer/assets/lib/prettyphoto/js/jquery.prettyPhoto.min-4.11.2.1.js]
[motions.graphics/wp-content/plugins/js_composer/assets/lib/bower/imagesloaded/imagesloaded.pkgd.min.js]
[motions.graphics/wp-content/cache/busting/1/wp-content/plugins/js_composer/assets/lib/owl-carousel2-dist/owl.carousel.min-4.11.2.1.js]
[motions.graphics/wp-content/cache/busting/1/wp-content/plugins/js_composer/assets/lib/waypoints/waypoints.min-4.11.2.1.js]
[motions.graphics/wp-content/cache/busting/1/wp-includes/js/underscore.min-1.8.3.js]
[motions.graphics/wp-content/cache/busting/1/wp-content/plugins/js_composer/assets/js/dist/vc_grid.min-4.11.2.1.js]
[motions.graphics/wp-content/plugins/js_composer/assets/css/vc_lte_ie9.min.css]
[motions.graphics/wp-content/plugins/js_composer/assets/css/vc-ie8.min.css]
[motions.graphics/index.html]
[motions.graphics/xmlrpc.php]
[motions.graphics/wp-content/themes/lotek/lotek/fonts/glyphicons-halflings-regular.woff2]
[motions.graphics/wp-content/themes/lotek/lotek/fonts/glyphicons-halflings-regular.eot]
[motions.graphics/wp-content/themes/lotek/lotek/fonts/glyphicons-halflings-regulard41d.eot]
[motions.graphics/wp-content/themes/lotek/lotek/fonts/glyphicons-halflings-regular.woff]
[motions.graphics/wp-content/themes/lotek/lotek/fonts/glyphicons-halflings-regular.svg]
[motions.graphics/wp-content/themes/lotek/lotek/images/quote.png]
[motions.graphics/wp-content/themes/lotek/lotek/fonts/glyphicons-halflings-regular.ttf]
[motions.graphics/wp-content/themes/lotek/lotek/fonts/fontawesome-webfont3295.html]
[motions.graphics/wp-content/themes/lotek/lotek/fonts/fontawesome-webfontd41d.eot]
[motions.graphics/wp-content/themes/lotek/lotek/images/bg_direction_nav_next.png]
[motions.graphics/wp-content/themes/lotek/lotek/images/bg_direction_nav_prev.png]
[motions.graphics/wp-content/themes/lotek/lotek/images/close.png]
[motions.graphics/wp-content/themes/lotek/lotek/images/prettyPhoto/default/loader.gif]
[motions.graphics/wp-content/themes/lotek/lotek/images/prettyPhoto/light_rounded/sprite.png]
[motions.graphics/wp-content/themes/lotek/lotek/fonts/fontawesome-webfont3295.woff]
[motions.graphics/wp-content/themes/lotek/lotek/fonts/fontawesome-webfont3295.ttf]
[motions.graphics/wp-content/themes/lotek/lotek/images/prettyPhoto/light_rounded/loader.gif]
[motions.graphics/wp-content/themes/lotek/lotek/images/prettyPhoto/dark_rounded/sprite.png]
[motions.graphics/wp-content/themes/lotek/lotek/images/prettyPhoto/dark_rounded/contentPattern.png]
[motions.graphics/wp-content/themes/lotek/lotek/images/prettyPhoto/dark_rounded/btnNext.png]
[motions.graphics/wp-content/themes/lotek/lotek/images/prettyPhoto/dark_rounded/btnPrevious.png]
[motions.graphics/wp-content/themes/lotek/lotek/images/prettyPhoto/dark_rounded/loader.gif]
[motions.graphics/wp-content/themes/lotek/lotek/images/prettyPhoto/dark_square/loader.gif]
[motions.graphics/wp-content/themes/lotek/lotek/images/prettyPhoto/dark_square/sprite.png]
[motions.graphics/wp-content/themes/lotek/lotek/images/prettyPhoto/dark_square/btnNext.png]
[motions.graphics/wp-content/themes/lotek/lotek/images/prettyPhoto/dark_square/btnPrevious.png]
[motions.graphics/wp-content/themes/lotek/lotek/images/prettyPhoto/light_square/sprite.png]
[motions.graphics/wp-content/themes/lotek/lotek/images/prettyPhoto/light_square/btnNext.png]
[motions.graphics/wp-content/themes/lotek/lotek/images/prettyPhoto/light_square/btnPrevious.png]
[motions.graphics/wp-content/themes/lotek/lotek/images/prettyPhoto/facebook/sprite.png]
[motions.graphics/wp-content/themes/lotek/lotek/images/prettyPhoto/facebook/contentPatternTop.png]
[motions.graphics/wp-content/themes/lotek/lotek/images/prettyPhoto/facebook/contentPatternLeft.png]
[motions.graphics/wp-content/themes/lotek/lotek/images/prettyPhoto/facebook/contentPatternRight.png]
[motions.graphics/wp-content/themes/lotek/lotek/images/prettyPhoto/facebook/loader.gif]
[motions.graphics/wp-content/themes/lotek/lotek/images/prettyPhoto/facebook/btnNext.png]
[motions.graphics/wp-content/themes/lotek/lotek/images/prettyPhoto/facebook/btnPrevious.png]
[motions.graphics/wp-content/themes/lotek/lotek/images/prettyPhoto/facebook/contentPatternBottom.png]
[motions.graphics/wp-content/themes/lotek/lotek/images/prettyPhoto/facebook/default_thumbnail.gif]
[motions.graphics/wp-content/themes/lotek/lotek/images/start-wrapper-bg.png]
[motions.graphics/wp-content/themes/lotek/lotek/images/vertical-line.png]
[motions.graphics/wp-content/themes/lotek/lotek/images/horizontals-line1.png]
[motions.graphics/wp-content/themes/lotek/lotek/images/features-box.png]
[motions.graphics/wp-content/themes/lotek/lotek/images/horizontals-line.png]
[motions.graphics/wp-content/themes/lotek/lotek/images/pricing-line1.png]
[motions.graphics/wp-content/themes/lotek/lotek/images/pricing-box-line.png]
[motions.graphics/wp-content/themes/lotek/lotek/images/divider-dark-bg.png]
[motions.graphics/wp-content/themes/lotek/lotek/images/pricing-line.png]
[motions.graphics/wp-content/themes/lotek/lotek/images/horizontals-line2.png]
[motions.graphics/wp-content/themes/lotek/lotek/skins/skin19/divider-color-bg.png]
[motions.graphics/wp-content/plugins/js_composer/assets/vc/alert.png]
[motions.graphics/wp-content/plugins/js_composer/assets/vc/info.png]
[motions.graphics/wp-content/plugins/js_composer/assets/vc/tick.png]
[motions.graphics/wp-content/plugins/js_composer/assets/vc/exclamation.png]
[motions.graphics/wp-content/plugins/js_composer/assets/images/icons/address-book.png]
[motions.graphics/wp-content/plugins/js_composer/assets/images/icons/alarm-clock.png]
[motions.graphics/wp-content/plugins/js_composer/assets/images/icons/anchor.png]
[motions.graphics/wp-content/plugins/js_composer/assets/images/icons/application-image.png]
[motions.graphics/wp-content/plugins/js_composer/assets/images/icons/arrow.png]
[motions.graphics/wp-content/plugins/js_composer/assets/images/icons/asterisk.png]
[motions.graphics/wp-content/plugins/js_composer/assets/images/icons/auction-hammer.png]
[motions.graphics/wp-content/plugins/js_composer/assets/images/icons/balloon.png]
[motions.graphics/wp-content/plugins/js_composer/assets/images/icons/balloon-buzz.png]
[motions.graphics/wp-content/plugins/js_composer/assets/images/icons/balloon-facebook.png]
[motions.graphics/wp-content/plugins/js_composer/assets/images/icons/balloon-twitter.png]
[motions.graphics/wp-content/plugins/js_composer/assets/images/icons/battery-full.png]
[motions.graphics/wp-content/plugins/js_composer/assets/images/icons/binocular.png]
[motions.graphics/wp-content/plugins/js_composer/assets/images/icons/blue-document-excel.png]
[motions.graphics/wp-content/plugins/js_composer/assets/images/icons/blue-document-image.png]
[motions.graphics/wp-content/plugins/js_composer/assets/images/icons/blue-document-music.png]
[motions.graphics/wp-content/plugins/js_composer/assets/images/icons/blue-document-office.png]
[motions.graphics/wp-content/plugins/js_composer/assets/images/icons/blue-document-pdf.png]
[motions.graphics/wp-content/plugins/js_composer/assets/images/icons/blue-document-powerpoint.png]
[motions.graphics/wp-content/plugins/js_composer/assets/images/icons/blue-document-word.png]
[motions.graphics/wp-content/plugins/js_composer/assets/images/icons/bookmark.png]
[motions.graphics/wp-content/plugins/js_composer/assets/images/icons/camcorder.png]
[motions.graphics/wp-content/plugins/js_composer/assets/images/icons/camera.png]
[motions.graphics/wp-content/plugins/js_composer/assets/images/icons/chart.png]
[motions.graphics/wp-content/plugins/js_composer/assets/images/icons/chart-pie.png]
[motions.graphics/wp-content/plugins/js_composer/assets/images/icons/clock.png]
[motions.graphics/wp-content/plugins/js_composer/assets/images/icons/control.png]
[motions.graphics/wp-content/plugins/js_composer/assets/images/icons/fire.png]
[motions.graphics/wp-content/plugins/js_composer/assets/images/icons/heart.png]
[motions.graphics/wp-content/plugins/js_composer/assets/images/icons/mail.png]
[motions.graphics/wp-content/plugins/js_composer/assets/images/icons/plus-shield.png]
[motions.graphics/wp-content/plugins/js_composer/assets/images/icons/video.png]
[motions.graphics/wp-content/plugins/js_composer/assets/images/toggle_open.png]
[motions.graphics/wp-content/plugins/js_composer/assets/images/toggle_close.png]
[motions.graphics/wp-content/plugins/js_composer/assets/images/flickr.png]
[motions.graphics/wp-content/plugins/js_composer/assets/fonts/vc_grid/vc_grid_v157a1.eot]
[motions.graphics/wp-content/plugins/js_composer/assets/fonts/vc_grid/vc_grid_v1d41d.eot]
[motions.graphics/wp-content/plugins/js_composer/assets/fonts/vc_grid/vc_grid_v157a1.woff]
[motions.graphics/wp-content/plugins/js_composer/assets/fonts/vc_grid/vc_grid_v157a1.ttf]
[motions.graphics/wp-content/plugins/js_composer/assets/fonts/vc_grid/vc_grid_v157a1.svg]
[motions.graphics/wp-content/plugins/revslider/public/assets/fonts/font-awesome/fonts/fontawesome-webfont3e6e.html]
[motions.graphics/wp-content/plugins/revslider/public/assets/fonts/font-awesome/fonts/fontawesome-webfont3e6e.eot]
[motions.graphics/wp-content/plugins/revslider/public/assets/fonts/font-awesome/fonts/fontawesome-webfontd41d.eot]
[motions.graphics/wp-content/plugins/revslider/public/assets/fonts/font-awesome/fonts/fontawesome-webfont3e6e.woff]
[motions.graphics/wp-content/plugins/js_composer/assets/lib/prettyphoto/images/prettyPhoto/default/sprite.png]
[motions.graphics/wp-content/plugins/js_composer/assets/lib/prettyphoto/images/prettyPhoto/default/sprite_x.png]
[motions.graphics/wp-content/plugins/revslider/public/assets/fonts/font-awesome/fonts/fontawesome-webfont3e6e.svg]
[motions.graphics/wp-content/plugins/js_composer/assets/lib/prettyphoto/images/prettyPhoto/default/sprite_next.png]
[motions.graphics/wp-content/plugins/js_composer/assets/lib/prettyphoto/images/prettyPhoto/default/sprite_prev.png]
[motions.graphics/wp-content/plugins/js_composer/assets/lib/prettyphoto/images/prettyPhoto/default/default_thumb.png]
[motions.graphics/wp-content/plugins/js_composer/assets/lib/prettyphoto/images/prettyPhoto/default/loader.gif]
[motions.graphics/wp-content/plugins/js_composer/assets/lib/prettyphoto/images/prettyPhoto/light_rounded/sprite.png]
[motions.graphics/wp-content/plugins/js_composer/assets/lib/prettyphoto/images/prettyPhoto/light_rounded/btnNext.png]
[motions.graphics/wp-content/plugins/js_composer/assets/lib/prettyphoto/images/prettyPhoto/light_rounded/btnPrevious.png]
[motions.graphics/wp-content/plugins/js_composer/assets/lib/prettyphoto/images/prettyPhoto/light_rounded/loader.gif]
[motions.graphics/wp-content/plugins/js_composer/assets/lib/prettyphoto/images/prettyPhoto/dark_rounded/sprite.png]
[motions.graphics/wp-content/plugins/js_composer/assets/lib/prettyphoto/images/prettyPhoto/dark_rounded/contentPattern.png]
[motions.graphics/wp-content/plugins/js_composer/assets/lib/prettyphoto/images/prettyPhoto/dark_rounded/btnNext.png]
[motions.graphics/wp-content/plugins/js_composer/assets/lib/prettyphoto/images/prettyPhoto/dark_rounded/btnPrevious.png]
[motions.graphics/wp-content/plugins/js_composer/assets/lib/prettyphoto/images/prettyPhoto/dark_rounded/loader.gif]
[motions.graphics/wp-content/plugins/js_composer/assets/lib/prettyphoto/images/prettyPhoto/dark_square/loader.gif]
[motions.graphics/wp-content/plugins/js_composer/assets/lib/prettyphoto/images/prettyPhoto/dark_square/sprite.png]
[motions.graphics/wp-content/plugins/js_composer/assets/lib/prettyphoto/images/prettyPhoto/dark_square/btnNext.png]
[motions.graphics/wp-content/plugins/js_composer/assets/lib/prettyphoto/images/prettyPhoto/dark_square/btnPrevious.png]
[motions.graphics/wp-content/plugins/js_composer/assets/lib/prettyphoto/images/prettyPhoto/light_square/sprite.png]
[motions.graphics/wp-content/plugins/js_composer/assets/lib/prettyphoto/images/prettyPhoto/light_square/btnNext.png]
[motions.graphics/wp-content/plugins/js_composer/assets/lib/prettyphoto/images/prettyPhoto/light_square/btnPrevious.png]
[motions.graphics/wp-content/plugins/js_composer/assets/lib/prettyphoto/images/prettyPhoto/facebook/sprite.png]
[motions.graphics/wp-content/plugins/js_composer/assets/lib/prettyphoto/images/prettyPhoto/facebook/contentPatternTop.png]
[motions.graphics/wp-content/plugins/js_composer/assets/lib/prettyphoto/images/prettyPhoto/facebook/contentPatternLeft.png]
[motions.graphics/wp-content/plugins/js_composer/assets/lib/prettyphoto/images/prettyPhoto/facebook/contentPatternRight.png]
[motions.graphics/wp-content/plugins/js_composer/assets/lib/prettyphoto/images/prettyPhoto/facebook/loader.gif]
[motions.graphics/wp-content/plugins/revslider/public/assets/fonts/font-awesome/fonts/fontawesome-webfont3e6e.ttf]
[motions.graphics/wp-content/plugins/js_composer/assets/lib/prettyphoto/images/prettyPhoto/facebook/btnNext.png]
[motions.graphics/wp-content/plugins/js_composer/assets/lib/prettyphoto/images/prettyPhoto/facebook/btnPrevious.png]
[motions.graphics/wp-content/plugins/js_composer/assets/lib/prettyphoto/images/prettyPhoto/facebook/contentPatternBottom.png]
[motions.graphics/wp-content/plugins/js_composer/assets/lib/prettyphoto/images/prettyPhoto/facebook/default_thumbnail.gif]
[motions.graphics/wp-content/plugins/js_composer/assets/lib/owl-carousel2-dist/assets/owl.video.play.png]
[motions.graphics/wp-content/cache/min/1/8dddbcd9822d62aa587c1451be17f53d.css]
[motions.graphics/POST]
[connect.facebook.net/en_US/fbevents.js]
[motions.graphics/wp-includes/wlwmanifest.xml]
[www.googletagmanager.com/gtm5445.html]
[motions.graphics/wp-json/index.html]
[motions.graphics/wp-content/cache/busting/1/wp-content/plugins/revslider/public/assets/js/jquery.themepunch.revolution.min-5.4.6.6.js]
[motions.graphics/wp-json/oembed/1.0/embed794d.json]
[motions.graphics/3d/feed/index.html]
[motions.graphics/wp-content/cache/min/1/8e31f9756f92ae06b4507eb53edc3790.css]
[motions.graphics/wp-json/oembed/1.0/embedbd41]
[motions.graphics/wp-content/uploads/2017/07/logo_motion.png]
[motions.graphics/wp-content/uploads/2017/09/1.jpg]
[motions.graphics/wp-content/uploads/2017/09/bar-500x500.jpg]
[motions.graphics/wp-content/uploads/2017/10/1-4.jpg]
[motions.graphics/wp-content/uploads/2017/10/living-1-500x500.jpg]
[motions.graphics/wp-content/uploads/2017/10/batmobile-500x500.jpg]
[motions.graphics/wp-content/uploads/2017/10/living-500x500.jpg]
[motions.graphics/wp-content/uploads/2017/10/chevy.jpg]
[motions.graphics/wp-content/uploads/2017/09/10580787_10203986885729988_7555509640869064939_o-1.jpg]
[motions.graphics/wp-content/uploads/2017/09/prisma-500x500.jpg]
[motions.graphics/wp-content/uploads/2017/09/10580787_10203986885729988_7555509640869064939_o.jpg]
[motions.graphics/wp-content/uploads/2017/09/459666_10200835188059516_200862963_o.jpg]
[motions.graphics/wp-content/uploads/2017/09/1404707_10204769448453567_2634601045725100309_o.jpg]
[motions.graphics/wp-content/uploads/2017/09/12622532_10207777795300358_8965013785765436691_o.jpg]
[motions.graphics/wp-content/uploads/2017/09/lowpo-500x500.jpg]
[motions.graphics/wp-content/uploads/2017/09/12719420_10208209913823051_7590991576058335591_o-1.jpg]
[motions.graphics/wp-content/uploads/2017/09/10515282_10204099581707317_4725233698460235377_o.jpg]
[motions.graphics/wp-content/uploads/2017/09/casco-500x500.jpg]
[motions.graphics/wp-content/uploads/2017/09/10497464_10203986844288952_7780367286117184602_o.jpg]
[motions.graphics/wp-content/uploads/2017/09/12622377_10207772902098031_7214651600196336722_o.jpg]
[motions.graphics/wp-content/uploads/2017/09/12646658_10207791163914565_8001373335221983654_o.jpg]
[motions.graphics/wp-content/uploads/2017/09/1-1.jpg]
[motions.graphics/wp-content/uploads/2017/09/10499378_10203986903970444_730147289157644104_o.jpg]
[motions.graphics/wp-content/uploads/2017/09/edif-500x500.jpg]
[motions.graphics/wp-content/uploads/2017/09/1-4.jpg]
[motions.graphics/wp-content/uploads/2017/09/polaroid-500x500.jpg]
[motions.graphics/wp-content/uploads/2017/09/render-con-fondo.jpg]
[motions.graphics/wp-content/uploads/2017/09/living-500x500.jpg]
[motions.graphics/3d/index.html]
[embed.typeform.com/embed.js]
[motions.graphics/cotizador.html]
[motions.graphics/wp-content/plugins/revslider/admin/assets/images/transparent.png]
[motions.graphics/wp-content/uploads/2018/03/ninja-500x500.jpg]
[motions.graphics/wp-content/uploads/2017/09/3arauco-2-0-00-59-03-1-700x700-0-00-02-24-500x500.png]
[motions.graphics/wp-content/uploads/2018/09/MotelNow.00_04_18_02.Still008-500x500.jpg]
[motions.graphics/wp-includes/js/comment-reply.min.js]
[i.ytimg.com/vi/ID/hqdefault.jpg]
[motions.graphics/wp-content/plugins/js_composer/assets/css/vc_lte_ie9.min.css]
[motions.graphics/wp-content/plugins/js_composer/assets/css/vc-ie8.min.css]
[motions.graphics/wp-content/themes/lotek/lotek/fonts/glyphicons-halflings-regular.html]
[motions.graphics/wp-content/themes/lotek/lotek/fonts/glyphicons-halflings-regular.svg]
[motions.graphics/wp-content/themes/lotek/lotek/fonts/fontawesome-webfont3295.html]
[motions.graphics/wp-content/themes/lotek/lotek/fonts/fontawesome-webfont3295.svg]
[motions.graphics/wp-content/themes/lotek/lotek/images/prettyPhoto/light_rounded/btnNext.png]
[motions.graphics/wp-content/plugins/js_composer/assets/fonts/vc_grid/vc_grid_v157a1.svg]
[motions.graphics/wp-content/plugins/revslider/public/assets/fonts/font-awesome/fonts/fontawesome-webfont3e6e.html]
[motions.graphics/wp-content/themes/lotek/lotek/images/prettyPhoto/light_rounded/btnPrevious.png]
[motions.graphics/wp-content/plugins/revslider/public/assets/fonts/font-awesome/fonts/fontawesome-webfont3e6e.svg]
[motions.graphics/POST.html]
[motions.graphics/wp-content/cache/min/1/8e31f9756f92ae06b4507eb53edc3790.css]
[motions.graphics/indexa165.html]
[motions.graphics/wp-content/plugins/js_composer/assets/lib/prettyphoto/images/prettyPhoto/default/sprite_y.png]
[motions.graphics/wp-content/uploads/2017/10/1-2.jpg]
[motions.graphics/wp-content/uploads/2017/10/chevy_pro-500x500.jpg]
[motions.graphics/wp-content/uploads/2017/10/0-1.jpg]
[motions.graphics/wp-content/uploads/2017/09/rainbow-500x500.jpg]
[motions.graphics/wp-content/uploads/2017/09/carro-500x500.jpg]
[motions.graphics/wp-content/uploads/2017/09/landscape-500x500.jpg]
[motions.graphics/wp-content/uploads/2017/09/Untitled-1-500x500.jpg]
[motions.graphics/wp-content/cache/min/1/wp-content/themes/lotek/lotek/js/bgslider/bgSlider-ec167fe64ab3d101a4ad5e7daa26febb.js]
[embed.typeform.com/embed.js]
[motions.graphics/wp-content/uploads/2017/07/7-rubi-500x500.jpg]
[motions.graphics/wp-content/themes/lotek/lotek/fonts/fontawesome-webfont3295.svg]
[motions.graphics/wp-content/uploads/2017/09/chair-500x500.jpg]
[motions.graphics/wp-content/uploads/2017/10/living-2-500x500.jpg]
[motions.graphics/wp-content/uploads/2017/09/12622377_10207772902098031_7214651600196336722_o-500x500.jpg]
[motions.graphics/wp-content/uploads/2017/10/IMG-20170127-WA0004-2.jpg]
[motions.graphics/wp-content/uploads/2017/09/gumball-500x500.jpg]
[motions.graphics/wp-content/uploads/2017/09/san-borja-500x500.jpg]
